{
    "extensions": {
        "uav-dev.sonarremote": [
            {
                "message": "Starting metadata processing for uav-dev.sonarremote",
                "status": "INFO"
            },
            {
                "message": "Finished metadata processing for uav-dev.sonarremote",
                "status": "INFO"
            },
            {
                "message": "Invalid tag name latest for extension uav-dev.sonarremote, error: Invalid version naming: latest",
                "status": "ERROR"
            },
            {
                "message": "Failed to generate version 1.0.0 for extension uav-dev.sonarremote, error: Connection timeout to host https://registry-1.docker.io/v2/uavdev/sonarremote/manifests/1.0.0",
                "status": "ERROR"
            },
            {
                "message": "Failed to generate version 1.0.1 for extension uav-dev.sonarremote, error: Connection timeout to host https://registry-1.docker.io/v2/uavdev/sonarremote/manifests/1.0.1",
                "status": "ERROR"
            }
        ],
        "uavdev.sonarremote": [
            {
                "message": "Starting metadata processing for uavdev.sonarremote",
                "status": "INFO"
            },
            {
                "message": "Finished metadata processing for uavdev.sonarremote",
                "status": "INFO"
            },
            {
                "message": "Invalid tag name latest for extension uavdev.sonarremote, error: Invalid version naming: latest",
                "status": "ERROR"
            },
            {
                "message": "Failed to generate version 1.0.0 for extension uavdev.sonarremote, error: Connection timeout to host https://registry-1.docker.io/v2/uavdev/sonarremote/manifests/1.0.0",
                "status": "ERROR"
            },
            {
                "message": "Failed to generate version 1.0.1 for extension uavdev.sonarremote, error: Connection timeout to host https://registry-1.docker.io/v2/uavdev/sonarremote/manifests/1.0.1",
                "status": "ERROR"
            }
        ]
    },
    "final_docker_rate_limit": null,
    "start_docker_rate_limit": null
}